https://diptiban1987.github.io/xiaozhi-web-flasher/